main.c:60:15:convertToBit	24	static
main.c:92:6:updateLEDMatrix	16	static
main.c:191:6:scanLEDMatrix	8	static
main.c:268:6:updateClockBuffer	4	static
main.c:282:6:display7SEG	16	static
main.c:331:6:enableLED	16	static
main.c:360:6:update7SEG	16	static
main.c:393:6:scanLED	8	static
main.c:410:6:HAL_TIM_PeriodElapsedCallback	16	static
main.c:468:5:main	8	static
main.c:498:6:SystemClock_Config	72	static
main.c:524:13:MX_TIM2_Init	32	static
main.c:552:13:MX_GPIO_Init	32	static
main.c:576:6:Error_Handler	4	static,ignoring_inline_asm
