Archive member included to satisfy reference by file (symbol)

c:/st/stm32cubeide_1.7.0/stm32cubeide/plugins/com.st.stm32cube.ide.mcu.externaltools.gnu-tools-for-stm32.9-2020-q2-update.win32_2.0.0.202105311346/tools/bin/../lib/gcc/arm-none-eabi/9.3.1/../../../../arm-none-eabi/lib/thumb/v7-m/nofp\libc_nano.a(lib_a-errno.o)
                              ./Core/Src/syscalls.o (__errno)
c:/st/stm32cubeide_1.7.0/stm32cubeide/plugins/com.st.stm32cube.ide.mcu.externaltools.gnu-tools-for-stm32.9-2020-q2-update.win32_2.0.0.202105311346/tools/bin/../lib/gcc/arm-none-eabi/9.3.1/../../../../arm-none-eabi/lib/thumb/v7-m/nofp\libc_nano.a(lib_a-exit.o)
                              c:/st/stm32cubeide_1.7.0/stm32cubeide/plugins/com.st.stm32cube.ide.mcu.externaltools.gnu-tools-for-stm32.9-2020-q2-update.win32_2.0.0.202105311346/tools/bin/../lib/gcc/arm-none-eabi/9.3.1/../../../../arm-none-eabi/lib/thumb/v7-m/nofp/crt0.o (exit)
c:/st/stm32cubeide_1.7.0/stm32cubeide/plugins/com.st.stm32cube.ide.mcu.externaltools.gnu-tools-for-stm32.9-2020-q2-update.win32_2.0.0.202105311346/tools/bin/../lib/gcc/arm-none-eabi/9.3.1/../../../../arm-none-eabi/lib/thumb/v7-m/nofp\libc_nano.a(lib_a-impure.o)
                              c:/st/stm32cubeide_1.7.0/stm32cubeide/plugins/com.st.stm32cube.ide.mcu.externaltools.gnu-tools-for-stm32.9-2020-q2-update.win32_2.0.0.202105311346/tools/bin/../lib/gcc/arm-none-eabi/9.3.1/../../../../arm-none-eabi/lib/thumb/v7-m/nofp\libc_nano.a(lib_a-exit.o) (_global_impure_ptr)
c:/st/stm32cubeide_1.7.0/stm32cubeide/plugins/com.st.stm32cube.ide.mcu.externaltools.gnu-tools-for-stm32.9-2020-q2-update.win32_2.0.0.202105311346/tools/bin/../lib/gcc/arm-none-eabi/9.3.1/../../../../arm-none-eabi/lib/thumb/v7-m/nofp\libc_nano.a(lib_a-init.o)
                              c:/st/stm32cubeide_1.7.0/stm32cubeide/plugins/com.st.stm32cube.ide.mcu.externaltools.gnu-tools-for-stm32.9-2020-q2-update.win32_2.0.0.202105311346/tools/bin/../lib/gcc/arm-none-eabi/9.3.1/../../../../arm-none-eabi/lib/thumb/v7-m/nofp/crt0.o (__libc_init_array)
c:/st/stm32cubeide_1.7.0/stm32cubeide/plugins/com.st.stm32cube.ide.mcu.externaltools.gnu-tools-for-stm32.9-2020-q2-update.win32_2.0.0.202105311346/tools/bin/../lib/gcc/arm-none-eabi/9.3.1/../../../../arm-none-eabi/lib/thumb/v7-m/nofp\libc_nano.a(lib_a-memset.o)
                              c:/st/stm32cubeide_1.7.0/stm32cubeide/plugins/com.st.stm32cube.ide.mcu.externaltools.gnu-tools-for-stm32.9-2020-q2-update.win32_2.0.0.202105311346/tools/bin/../lib/gcc/arm-none-eabi/9.3.1/../../../../arm-none-eabi/lib/thumb/v7-m/nofp/crt0.o (memset)

Allocating common symbols
Common symbol       size              file

uwTick              0x4               ./Drivers/STM32F1xx_HAL_Driver/Src/stm32f1xx_hal.o
pFlash              0x20              ./Drivers/STM32F1xx_HAL_Driver/Src/stm32f1xx_hal_flash.o
htim2               0x48              ./Core/Src/main.o

Discarded input sections

 .text          0x0000000000000000        0x0 c:/st/stm32cubeide_1.7.0/stm32cubeide/plugins/com.st.stm32cube.ide.mcu.externaltools.gnu-tools-for-stm32.9-2020-q2-update.win32_2.0.0.202105311346/tools/bin/../lib/gcc/arm-none-eabi/9.3.1/thumb/v7-m/nofp/crti.o
 .data          0x0000000000000000        0x0 c:/st/stm32cubeide_1.7.0/stm32cubeide/plugins/com.st.stm32cube.ide.mcu.externaltools.gnu-tools-for-stm32.9-2020-q2-update.win32_2.0.0.202105311346/tools/bin/../lib/gcc/arm-none-eabi/9.3.1/thumb/v7-m/nofp/crti.o
 .bss           0x0000000000000000        0x0 c:/st/stm32cubeide_1.7.0/stm32cubeide/plugins/com.st.stm32cube.ide.mcu.externaltools.gnu-tools-for-stm32.9-2020-q2-update.win32_2.0.0.202105311346/tools/bin/../lib/gcc/arm-none-eabi/9.3.1/thumb/v7-m/nofp/crti.o
 .data          0x0000000000000000        0x4 c:/st/stm32cubeide_1.7.0/stm32cubeide/plugins/com.st.stm32cube.ide.mcu.externaltools.gnu-tools-for-stm32.9-2020-q2-update.win32_2.0.0.202105311346/tools/bin/../lib/gcc/arm-none-eabi/9.3.1/thumb/v7-m/nofp/crtbegin.o
 .text          0x0000000000000000       0x7c c:/st/stm32cubeide_1.7.0/stm32cubeide/plugins/com.st.stm32cube.ide.mcu.externaltools.gnu-tools-for-stm32.9-2020-q2-update.win32_2.0.0.202105311346/tools/bin/../lib/gcc/arm-none-eabi/9.3.1/../../../../arm-none-eabi/lib/thumb/v7-m/nofp/crt0.o
 .data          0x0000000000000000        0x0 c:/st/stm32cubeide_1.7.0/stm32cubeide/plugins/com.st.stm32cube.ide.mcu.externaltools.gnu-tools-for-stm32.9-2020-q2-update.win32_2.0.0.202105311346/tools/bin/../lib/gcc/arm-none-eabi/9.3.1/../../../../arm-none-eabi/lib/thumb/v7-m/nofp/crt0.o
 .bss           0x0000000000000000        0x0 c:/st/stm32cubeide_1.7.0/stm32cubeide/plugins/com.st.stm32cube.ide.mcu.externaltools.gnu-tools-for-stm32.9-2020-q2-update.win32_2.0.0.202105311346/tools/bin/../lib/gcc/arm-none-eabi/9.3.1/../../../../arm-none-eabi/lib/thumb/v7-m/nofp/crt0.o
[...]
Memory Configuration

Name             Origin             Length             Attributes
RAM              0x0000000020000000 0x0000000000002800 xrw
FLASH            0x0000000008000000 0x0000000000008000 xr
*default*        0x0000000000000000 0xffffffffffffffff

Linker script and memory map

LOAD c:/st/stm32cubeide_1.7.0/stm32cubeide/plugins/com.st.stm32cube.ide.mcu.externaltools.gnu-tools-for-stm32.9-2020-q2-update.win32_2.0.0.202105311346/tools/bin/../lib/gcc/arm-none-eabi/9.3.1/thumb/v7-m/nofp/crti.o
LOAD c:/st/stm32cubeide_1.7.0/stm32cubeide/plugins/com.st.stm32cube.ide.mcu.externaltools.gnu-tools-for-stm32.9-2020-q2-update.win32_2.0.0.202105311346/tools/bin/../lib/gcc/arm-none-eabi/9.3.1/thumb/v7-m/nofp/crtbegin.o
LOAD c:/st/stm32cubeide_1.7.0/stm32cubeide/plugins/com.st.stm32cube.ide.mcu.externaltools.gnu-tools-for-stm32.9-2020-q2-update.win32_2.0.0.202105311346/tools/bin/../lib/gcc/arm-none-eabi/9.3.1/../../../../arm-none-eabi/lib/thumb/v7-m/nofp/crt0.o
LOAD ./Core/Src/7segment_display.o
LOAD ./Core/Src/button.o
LOAD ./Core/Src/fsm_traffic.o
LOAD ./Core/Src/fsm_traffic_vn.o
LOAD ./Core/Src/global.o
LOAD ./Core/Src/led_display.o
LOAD ./Core/Src/main.o
LOAD ./Core/Src/software_timer.o
LOAD ./Core/Src/stm32f1xx_hal_msp.o
LOAD ./Core/Src/stm32f1xx_it.o
LOAD ./Core/Src/syscalls.o
LOAD ./Core/Src/sysmem.o
LOAD ./Core/Src/system_stm32f1xx.o
LOAD ./Core/Startup/startup_stm32f103c6ux.o
LOAD ./Drivers/STM32F1xx_HAL_Driver/Src/stm32f1xx_hal.o
LOAD ./Drivers/STM32F1xx_HAL_Driver/Src/stm32f1xx_hal_cortex.o
LOAD ./Drivers/STM32F1xx_HAL_Driver/Src/stm32f1xx_hal_dma.o
LOAD ./Drivers/STM32F1xx_HAL_Driver/Src/stm32f1xx_hal_exti.o
LOAD ./Drivers/STM32F1xx_HAL_Driver/Src/stm32f1xx_hal_flash.o
LOAD ./Drivers/STM32F1xx_HAL_Driver/Src/stm32f1xx_hal_flash_ex.o
LOAD ./Drivers/STM32F1xx_HAL_Driver/Src/stm32f1xx_hal_gpio.o
LOAD ./Drivers/STM32F1xx_HAL_Driver/Src/stm32f1xx_hal_gpio_ex.o
LOAD ./Drivers/STM32F1xx_HAL_Driver/Src/stm32f1xx_hal_pwr.o
LOAD ./Drivers/STM32F1xx_HAL_Driver/Src/stm32f1xx_hal_rcc.o
LOAD ./Drivers/STM32F1xx_HAL_Driver/Src/stm32f1xx_hal_rcc_ex.o
LOAD ./Drivers/STM32F1xx_HAL_Driver/Src/stm32f1xx_hal_tim.o
LOAD ./Drivers/STM32F1xx_HAL_Driver/Src/stm32f1xx_hal_tim_ex.o
START GROUP
LOAD c:/st/stm32cubeide_1.7.0/stm32cubeide/plugins/com.st.stm32cube.ide.mcu.externaltools.gnu-tools-for-stm32.9-2020-q2-update.win32_2.0.0.202105311346/tools/bin/../lib/gcc/arm-none-eabi/9.3.1/../../../../arm-none-eabi/lib/thumb/v7-m/nofp\libc_nano.a
LOAD c:/st/stm32cubeide_1.7.0/stm32cubeide/plugins/com.st.stm32cube.ide.mcu.externaltools.gnu-tools-for-stm32.9-2020-q2-update.win32_2.0.0.202105311346/tools/bin/../lib/gcc/arm-none-eabi/9.3.1/../../../../arm-none-eabi/lib/thumb/v7-m/nofp\libm.a
END GROUP
START GROUP
LOAD c:/st/stm32cubeide_1.7.0/stm32cubeide/plugins/com.st.stm32cube.ide.mcu.externaltools.gnu-tools-for-stm32.9-2020-q2-update.win32_2.0.0.202105311346/tools/bin/../lib/gcc/arm-none-eabi/9.3.1/thumb/v7-m/nofp\libgcc.a
LOAD c:/st/stm32cubeide_1.7.0/stm32cubeide/plugins/com.st.stm32cube.ide.mcu.externaltools.gnu-tools-for-stm32.9-2020-q2-update.win32_2.0.0.202105311346/tools/bin/../lib/gcc/arm-none-eabi/9.3.1/../../../../arm-none-eabi/lib/thumb/v7-m/nofp\libc_nano.a
END GROUP
START GROUP
LOAD c:/st/stm32cubeide_1.7.0/stm32cubeide/plugins/com.st.stm32cube.ide.mcu.externaltools.gnu-tools-for-stm32.9-2020-q2-update.win32_2.0.0.202105311346/tools/bin/../lib/gcc/arm-none-eabi/9.3.1/thumb/v7-m/nofp\libgcc.a
LOAD c:/st/stm32cubeide_1.7.0/stm32cubeide/plugins/com.st.stm32cube.ide.mcu.externaltools.gnu-tools-for-stm32.9-2020-q2-update.win32_2.0.0.202105311346/tools/bin/../lib/gcc/arm-none-eabi/9.3.1/../../../../arm-none-eabi/lib/thumb/v7-m/nofp\libc_nano.a
LOAD c:/st/stm32cubeide_1.7.0/stm32cubeide/plugins/com.st.stm32cube.ide.mcu.externaltools.gnu-tools-for-stm32.9-2020-q2-update.win32_2.0.0.202105311346/tools/bin/../lib/gcc/arm-none-eabi/9.3.1/../../../../arm-none-eabi/lib/thumb/v7-m/nofp\libnosys.a
END GROUP
START GROUP
LOAD c:/st/stm32cubeide_1.7.0/stm32cubeide/plugins/com.st.stm32cube.ide.mcu.externaltools.gnu-tools-for-stm32.9-2020-q2-update.win32_2.0.0.202105311346/tools/bin/../lib/gcc/arm-none-eabi/9.3.1/thumb/v7-m/nofp\libgcc.a
LOAD c:/st/stm32cubeide_1.7.0/stm32cubeide/plugins/com.st.stm32cube.ide.mcu.externaltools.gnu-tools-for-stm32.9-2020-q2-update.win32_2.0.0.202105311346/tools/bin/../lib/gcc/arm-none-eabi/9.3.1/../../../../arm-none-eabi/lib/thumb/v7-m/nofp\libc_nano.a
LOAD c:/st/stm32cubeide_1.7.0/stm32cubeide/plugins/com.st.stm32cube.ide.mcu.externaltools.gnu-tools-for-stm32.9-2020-q2-update.win32_2.0.0.202105311346/tools/bin/../lib/gcc/arm-none-eabi/9.3.1/../../../../arm-none-eabi/lib/thumb/v7-m/nofp\libnosys.a
END GROUP
LOAD c:/st/stm32cubeide_1.7.0/stm32cubeide/plugins/com.st.stm32cube.ide.mcu.externaltools.gnu-tools-for-stm32.9-2020-q2-update.win32_2.0.0.202105311346/tools/bin/../lib/gcc/arm-none-eabi/9.3.1/thumb/v7-m/nofp/crtend.o
LOAD c:/st/stm32cubeide_1.7.0/stm32cubeide/plugins/com.st.stm32cube.ide.mcu.externaltools.gnu-tools-for-stm32.9-2020-q2-update.win32_2.0.0.202105311346/tools/bin/../lib/gcc/arm-none-eabi/9.3.1/thumb/v7-m/nofp/crtn.o
                0x0000000020002800                _estack = (ORIGIN (RAM) + LENGTH (RAM))
                0x0000000000000200                _Min_Heap_Size = 0x200
                0x0000000000000400                _Min_Stack_Size = 0x400

.isr_vector     0x0000000008000000      0x10c
                0x0000000008000000                . = ALIGN (0x4)
 *(.isr_vector)
 .isr_vector    0x0000000008000000      0x10c ./Core/Startup/startup_stm32f103c6ux.o
                0x0000000008000000                g_pfnVectors
                0x000000000800010c                . = ALIGN (0x4)

.text           0x000000000800010c     0x29bc
                0x000000000800010c                . = ALIGN (0x4)
 *(.text)
 .text          0x000000000800010c       0x40 c:/st/stm32cubeide_1.7.0/stm32cubeide/plugins/com.st.stm32cube.ide.mcu.externaltools.gnu-tools-for-stm32.9-2020-q2-update.win32_2.0.0.202105311346/tools/bin/../lib/gcc/arm-none-eabi/9.3.1/thumb/v7-m/nofp/crtbegin.o
 *(.text*)
 .text.update_7seg_display
                0x000000000800014c       0x5c ./Core/Src/7segment_display.o
                0x000000000800014c                update_7seg_display
 .text.display_7seg_left
                0x00000000080001a8       0xfc ./Core/Src/7segment_display.o
                0x00000000080001a8                display_7seg_left
 .text.display_7seg_right
                0x00000000080002a4       0xf8 ./Core/Src/7segment_display.o
                0x00000000080002a4                display_7seg_right
 .text.display_7seg_mode
                0x000000000800039c       0x74 ./Core/Src/7segment_display.o
                0x000000000800039c                display_7seg_mode
 .text.isButton1Pressed
                0x0000000008000410       0x24 ./Core/Src/button.o
                0x0000000008000410                isButton1Pressed
 .text.isButton2Pressed
                0x0000000008000434       0x24 ./Core/Src/button.o
                0x0000000008000434                isButton2Pressed
 .text.isButton3Pressed
                0x0000000008000458       0x24 ./Core/Src/button.o
                0x0000000008000458                isButton3Pressed
 .text.subKeyProcess
                0x000000000800047c       0x20 ./Core/Src/button.o
                0x000000000800047c                subKeyProcess
 .text.getKeyInput
                0x000000000800049c      0x184 ./Core/Src/button.o
                0x000000000800049c                getKeyInput
 .text.traffic_init
                0x0000000008000620       0xd4 ./Core/Src/fsm_traffic.o
                0x0000000008000620                traffic_init
 .text.traffic_run
                0x00000000080006f4       0x50 ./Core/Src/fsm_traffic.o
                0x00000000080006f4                traffic_run
 .text.fsm_normal_mode
                0x0000000008000744      0x1ac ./Core/Src/fsm_traffic.o
                0x0000000008000744                fsm_normal_mode
 .text.fsm_red_modify_mode
                0x00000000080008f0       0xa0 ./Core/Src/fsm_traffic.o
                0x00000000080008f0                fsm_red_modify_mode
 .text.fsm_amber_modify_mode
                0x0000000008000990       0xa0 ./Core/Src/fsm_traffic.o
                0x0000000008000990                fsm_amber_modify_mode
 .text.fsm_green_modify_mode
                0x0000000008000a30       0xa0 ./Core/Src/fsm_traffic.o
                0x0000000008000a30                fsm_green_modify_mode
 .text.auto_adjust_duration
                0x0000000008000ad0      0x174 ./Core/Src/fsm_traffic.o
                0x0000000008000ad0                auto_adjust_duration
 .text.update_button_state
                0x0000000008000c44       0xbc ./Core/Src/fsm_traffic.o
                0x0000000008000c44                update_button_state
 .text.update_led_display
                0x0000000008000d00      0x100 ./Core/Src/led_display.o
                0x0000000008000d00                update_led_display
 .text.turn_off_all_leds
                0x0000000008000e00       0x4c ./Core/Src/led_display.o
                0x0000000008000e00                turn_off_all_leds
 .text.set_traffic_led
                0x0000000008000e4c       0xa8 ./Core/Src/led_display.o
                0x0000000008000e4c                set_traffic_led
 .text.displayLED_RED
                0x0000000008000ef4       0x54 ./Core/Src/led_display.o
                0x0000000008000ef4                displayLED_RED
 .text.displayLED_YELLOW
                0x0000000008000f48       0x58 ./Core/Src/led_display.o
                0x0000000008000f48                displayLED_YELLOW
 .text.displayLED_GREEN
                0x0000000008000fa0       0x54 ./Core/Src/led_display.o
                0x0000000008000fa0                displayLED_GREEN
 .text.handle_led_blinking
                0x0000000008000ff4       0xc8 ./Core/Src/led_display.o
                0x0000000008000ff4                handle_led_blinking
 .text.HAL_TIM_PeriodElapsedCallback
                0x00000000080010bc       0x26 ./Core/Src/main.o
                0x00000000080010bc                HAL_TIM_PeriodElapsedCallback
 *fill*         0x00000000080010e2        0x2 
 .text.main     0x00000000080010e4       0x24 ./Core/Src/main.o
                0x00000000080010e4                main
 .text.SystemClock_Config
                0x0000000008001108       0x76 ./Core/Src/main.o
                0x0000000008001108                SystemClock_Config
 *fill*         0x000000000800117e        0x2 
 .text.MX_TIM2_Init
                0x0000000008001180       0x98 ./Core/Src/main.o
 .text.MX_GPIO_Init
                0x0000000008001218       0xc8 ./Core/Src/main.o
 .text.Error_Handler
                0x00000000080012e0        0xa ./Core/Src/main.o
                0x00000000080012e0                Error_Handler
 *fill*         0x00000000080012ea        0x2 
 .text.timerRun
                0x00000000080012ec       0x60 ./Core/Src/software_timer.o
                0x00000000080012ec                timerRun
 .text.HAL_MspInit
                0x000000000800134c       0x64 ./Core/Src/stm32f1xx_hal_msp.o
                0x000000000800134c                HAL_MspInit
 .text.HAL_TIM_Base_MspInit
                0x00000000080013b0       0x48 ./Core/Src/stm32f1xx_hal_msp.o
                0x00000000080013b0                HAL_TIM_Base_MspInit
 .text.NMI_Handler
                0x00000000080013f8        0x6 ./Core/Src/stm32f1xx_it.o
                0x00000000080013f8                NMI_Handler
 .text.HardFault_Handler
                0x00000000080013fe        0x6 ./Core/Src/stm32f1xx_it.o
                0x00000000080013fe                HardFault_Handler
 .text.MemManage_Handler
                0x0000000008001404        0x6 ./Core/Src/stm32f1xx_it.o
                0x0000000008001404                MemManage_Handler
 .text.BusFault_Handler
                0x000000000800140a        0x6 ./Core/Src/stm32f1xx_it.o
                0x000000000800140a                BusFault_Handler
 .text.UsageFault_Handler
                0x0000000008001410        0x6 ./Core/Src/stm32f1xx_it.o
                0x0000000008001410                UsageFault_Handler
 .text.SVC_Handler
                0x0000000008001416        0xc ./Core/Src/stm32f1xx_it.o
                0x0000000008001416                SVC_Handler
 .text.DebugMon_Handler
                0x0000000008001422        0xc ./Core/Src/stm32f1xx_it.o
                0x0000000008001422                DebugMon_Handler
 .text.PendSV_Handler
                0x000000000800142e        0xc ./Core/Src/stm32f1xx_it.o
                0x000000000800142e                PendSV_Handler
 .text.SysTick_Handler
                0x000000000800143a        0xc ./Core/Src/stm32f1xx_it.o
                0x000000000800143a                SysTick_Handler
 *fill*         0x0000000008001446        0x2 
 .text.TIM2_IRQHandler
                0x0000000008001448       0x14 ./Core/Src/stm32f1xx_it.o
                0x0000000008001448                TIM2_IRQHandler
 .text.SystemInit
                0x000000000800145c        0xc ./Core/Src/system_stm32f1xx.o
                0x000000000800145c                SystemInit
 .text.Reset_Handler
                0x0000000008001468       0x48 ./Core/Startup/startup_stm32f103c6ux.o
                0x0000000008001468                Reset_Handler
 .text.Default_Handler
                0x00000000080014b0        0x2 ./Core/Startup/startup_stm32f103c6ux.o
                0x00000000080014b0                RTC_Alarm_IRQHandler
                0x00000000080014b0                EXTI2_IRQHandler
                0x00000000080014b0                TIM1_CC_IRQHandler
                0x00000000080014b0                PVD_IRQHandler
                0x00000000080014b0                EXTI3_IRQHandler
                0x00000000080014b0                EXTI0_IRQHandler
                0x00000000080014b0                ADC1_2_IRQHandler
                0x00000000080014b0                SPI1_IRQHandler
                0x00000000080014b0                TAMPER_IRQHandler
                0x00000000080014b0                DMA1_Channel4_IRQHandler
                0x00000000080014b0                RTC_IRQHandler
                0x00000000080014b0                DMA1_Channel7_IRQHandler
                0x00000000080014b0                CAN1_RX1_IRQHandler
                0x00000000080014b0                I2C1_EV_IRQHandler
                0x00000000080014b0                DMA1_Channel6_IRQHandler
                0x00000000080014b0                TIM3_IRQHandler
                0x00000000080014b0                RCC_IRQHandler
                0x00000000080014b0                TIM1_TRG_COM_IRQHandler
                0x00000000080014b0                DMA1_Channel1_IRQHandler
                0x00000000080014b0                Default_Handler
                0x00000000080014b0                EXTI15_10_IRQHandler
                0x00000000080014b0                EXTI9_5_IRQHandler
                0x00000000080014b0                DMA1_Channel5_IRQHandler
                0x00000000080014b0                EXTI4_IRQHandler
                0x00000000080014b0                USB_LP_CAN1_RX0_IRQHandler
                0x00000000080014b0                USB_HP_CAN1_TX_IRQHandler
                0x00000000080014b0                DMA1_Channel3_IRQHandler
                0x00000000080014b0                TIM1_UP_IRQHandler
                0x00000000080014b0                WWDG_IRQHandler
                0x00000000080014b0                TIM1_BRK_IRQHandler
                0x00000000080014b0                EXTI1_IRQHandler
                0x00000000080014b0                USART2_IRQHandler
                0x00000000080014b0                DMA1_Channel2_IRQHandler
                0x00000000080014b0                CAN1_SCE_IRQHandler
                0x00000000080014b0                FLASH_IRQHandler
                0x00000000080014b0                USART1_IRQHandler
                0x00000000080014b0                I2C1_ER_IRQHandler
                0x00000000080014b0                USBWakeUp_IRQHandler
 *fill*         0x00000000080014b2        0x2 
 .text.HAL_Init
                0x00000000080014b4       0x2c ./Drivers/STM32F1xx_HAL_Driver/Src/stm32f1xx_hal.o
                0x00000000080014b4                HAL_Init
 .text.HAL_InitTick
                0x00000000080014e0       0x60 ./Drivers/STM32F1xx_HAL_Driver/Src/stm32f1xx_hal.o
                0x00000000080014e0                HAL_InitTick
 .text.HAL_IncTick
                0x0000000008001540       0x24 ./Drivers/STM32F1xx_HAL_Driver/Src/stm32f1xx_hal.o
                0x0000000008001540                HAL_IncTick
 .text.HAL_GetTick
                0x0000000008001564       0x14 ./Drivers/STM32F1xx_HAL_Driver/Src/stm32f1xx_hal.o
                0x0000000008001564                HAL_GetTick
 .text.__NVIC_SetPriorityGrouping
                0x0000000008001578       0x48 ./Drivers/STM32F1xx_HAL_Driver/Src/stm32f1xx_hal_cortex.o
 .text.__NVIC_GetPriorityGrouping
                0x00000000080015c0       0x1c ./Drivers/STM32F1xx_HAL_Driver/Src/stm32f1xx_hal_cortex.o
 .text.__NVIC_EnableIRQ
                0x00000000080015dc       0x38 ./Drivers/STM32F1xx_HAL_Driver/Src/stm32f1xx_hal_cortex.o
 .text.__NVIC_SetPriority
                0x0000000008001614       0x54 ./Drivers/STM32F1xx_HAL_Driver/Src/stm32f1xx_hal_cortex.o
 .text.NVIC_EncodePriority
                0x0000000008001668       0x64 ./Drivers/STM32F1xx_HAL_Driver/Src/stm32f1xx_hal_cortex.o
 .text.SysTick_Config
                0x00000000080016cc       0x44 ./Drivers/STM32F1xx_HAL_Driver/Src/stm32f1xx_hal_cortex.o
 .text.HAL_NVIC_SetPriorityGrouping
                0x0000000008001710       0x16 ./Drivers/STM32F1xx_HAL_Driver/Src/stm32f1xx_hal_cortex.o
                0x0000000008001710                HAL_NVIC_SetPriorityGrouping
 .text.HAL_NVIC_SetPriority
                0x0000000008001726       0x38 ./Drivers/STM32F1xx_HAL_Driver/Src/stm32f1xx_hal_cortex.o
                0x0000000008001726                HAL_NVIC_SetPriority
 .text.HAL_NVIC_EnableIRQ
                0x000000000800175e       0x1c ./Drivers/STM32F1xx_HAL_Driver/Src/stm32f1xx_hal_cortex.o
                0x000000000800175e                HAL_NVIC_EnableIRQ
 .text.HAL_SYSTICK_Config
                0x000000000800177a       0x18 ./Drivers/STM32F1xx_HAL_Driver/Src/stm32f1xx_hal_cortex.o
                0x000000000800177a                HAL_SYSTICK_Config
 *fill*         0x0000000008001792        0x2 
 .text.HAL_GPIO_Init
                0x0000000008001794      0x2f4 ./Drivers/STM32F1xx_HAL_Driver/Src/stm32f1xx_hal_gpio.o
                0x0000000008001794                HAL_GPIO_Init
 .text.HAL_GPIO_ReadPin
                0x0000000008001a88       0x2e ./Drivers/STM32F1xx_HAL_Driver/Src/stm32f1xx_hal_gpio.o
                0x0000000008001a88                HAL_GPIO_ReadPin
 .text.HAL_GPIO_WritePin
                0x0000000008001ab6       0x30 ./Drivers/STM32F1xx_HAL_Driver/Src/stm32f1xx_hal_gpio.o
                0x0000000008001ab6                HAL_GPIO_WritePin
 *fill*         0x0000000008001ae6        0x2 
 .text.HAL_RCC_OscConfig
                0x0000000008001ae8      0x500 ./Drivers/STM32F1xx_HAL_Driver/Src/stm32f1xx_hal_rcc.o
                0x0000000008001ae8                HAL_RCC_OscConfig
 .text.HAL_RCC_ClockConfig
                0x0000000008001fe8      0x1d4 ./Drivers/STM32F1xx_HAL_Driver/Src/stm32f1xx_hal_rcc.o
                0x0000000008001fe8                HAL_RCC_ClockConfig
 .text.HAL_RCC_GetSysClockFreq
                0x00000000080021bc       0xa8 ./Drivers/STM32F1xx_HAL_Driver/Src/stm32f1xx_hal_rcc.o
                0x00000000080021bc                HAL_RCC_GetSysClockFreq
 .text.RCC_Delay
                0x0000000008002264       0x3c ./Drivers/STM32F1xx_HAL_Driver/Src/stm32f1xx_hal_rcc.o
 .text.HAL_TIM_Base_Init
                0x00000000080022a0       0x9e ./Drivers/STM32F1xx_HAL_Driver/Src/stm32f1xx_hal_tim.o
                0x00000000080022a0                HAL_TIM_Base_Init
 *fill*         0x000000000800233e        0x2 
 .text.HAL_TIM_Base_Start_IT
                0x0000000008002340       0x98 ./Drivers/STM32F1xx_HAL_Driver/Src/stm32f1xx_hal_tim.o
                0x0000000008002340                HAL_TIM_Base_Start_IT
 .text.HAL_TIM_IRQHandler
                0x00000000080023d8      0x1e0 ./Drivers/STM32F1xx_HAL_Driver/Src/stm32f1xx_hal_tim.o
                0x00000000080023d8                HAL_TIM_IRQHandler
 .text.HAL_TIM_ConfigClockSource
                0x00000000080025b8      0x18e ./Drivers/STM32F1xx_HAL_Driver/Src/stm32f1xx_hal_tim.o
                0x00000000080025b8                HAL_TIM_ConfigClockSource
 .text.HAL_TIM_OC_DelayElapsedCallback
                0x0000000008002746       0x12 ./Drivers/STM32F1xx_HAL_Driver/Src/stm32f1xx_hal_tim.o
                0x0000000008002746                HAL_TIM_OC_DelayElapsedCallback
 .text.HAL_TIM_IC_CaptureCallback
                0x0000000008002758       0x12 ./Drivers/STM32F1xx_HAL_Driver/Src/stm32f1xx_hal_tim.o
                0x0000000008002758                HAL_TIM_IC_CaptureCallback
 .text.HAL_TIM_PWM_PulseFinishedCallback
                0x000000000800276a       0x12 ./Drivers/STM32F1xx_HAL_Driver/Src/stm32f1xx_hal_tim.o
                0x000000000800276a                HAL_TIM_PWM_PulseFinishedCallback
 .text.HAL_TIM_TriggerCallback
                0x000000000800277c       0x12 ./Drivers/STM32F1xx_HAL_Driver/Src/stm32f1xx_hal_tim.o
                0x000000000800277c                HAL_TIM_TriggerCallback
 *fill*         0x000000000800278e        0x2 
 .text.TIM_Base_SetConfig
                0x0000000008002790       0xc8 ./Drivers/STM32F1xx_HAL_Driver/Src/stm32f1xx_hal_tim.o
                0x0000000008002790                TIM_Base_SetConfig
 .text.TIM_TI1_ConfigInputStage
                0x0000000008002858       0x5c ./Drivers/STM32F1xx_HAL_Driver/Src/stm32f1xx_hal_tim.o
 .text.TIM_TI2_ConfigInputStage
                0x00000000080028b4       0x5e ./Drivers/STM32F1xx_HAL_Driver/Src/stm32f1xx_hal_tim.o
 .text.TIM_ITRx_SetConfig
                0x0000000008002912       0x34 ./Drivers/STM32F1xx_HAL_Driver/Src/stm32f1xx_hal_tim.o
 .text.TIM_ETR_SetConfig
                0x0000000008002946       0x3e ./Drivers/STM32F1xx_HAL_Driver/Src/stm32f1xx_hal_tim.o
                0x0000000008002946                TIM_ETR_SetConfig
 .text.HAL_TIMEx_MasterConfigSynchronization
                0x0000000008002984       0xb0 ./Drivers/STM32F1xx_HAL_Driver/Src/stm32f1xx_hal_tim_ex.o
                0x0000000008002984                HAL_TIMEx_MasterConfigSynchronization
 .text.HAL_TIMEx_CommutCallback
                0x0000000008002a34       0x12 ./Drivers/STM32F1xx_HAL_Driver/Src/stm32f1xx_hal_tim_ex.o
                0x0000000008002a34                HAL_TIMEx_CommutCallback
 .text.HAL_TIMEx_BreakCallback
                0x0000000008002a46       0x12 ./Drivers/STM32F1xx_HAL_Driver/Src/stm32f1xx_hal_tim_ex.o
                0x0000000008002a46                HAL_TIMEx_BreakCallback
 .text.__libc_init_array
                0x0000000008002a58       0x48 c:/st/stm32cubeide_1.7.0/stm32cubeide/plugins/com.st.stm32cube.ide.mcu.externaltools.gnu-tools-for-stm32.9-2020-q2-update.win32_2.0.0.202105311346/tools/bin/../lib/gcc/arm-none-eabi/9.3.1/../../../../arm-none-eabi/lib/thumb/v7-m/nofp\libc_nano.a(lib_a-init.o)
                0x0000000008002a58                __libc_init_array
 .text.memset   0x0000000008002aa0       0x10 c:/st/stm32cubeide_1.7.0/stm32cubeide/plugins/com.st.stm32cube.ide.mcu.externaltools.gnu-tools-for-stm32.9-2020-q2-update.win32_2.0.0.202105311346/tools/bin/../lib/gcc/arm-none-eabi/9.3.1/../../../../arm-none-eabi/lib/thumb/v7-m/nofp\libc_nano.a(lib_a-memset.o)
                0x0000000008002aa0                memset
 *(.glue_7)
 .glue_7        0x0000000008002ab0        0x0 linker stubs
 *(.glue_7t)
 .glue_7t       0x0000000008002ab0        0x0 linker stubs
 *(.eh_frame)
 .eh_frame      0x0000000008002ab0        0x0 c:/st/stm32cubeide_1.7.0/stm32cubeide/plugins/com.st.stm32cube.ide.mcu.externaltools.gnu-tools-for-stm32.9-2020-q2-update.win32_2.0.0.202105311346/tools/bin/../lib/gcc/arm-none-eabi/9.3.1/thumb/v7-m/nofp/crtbegin.o
 *(.init)
 .init          0x0000000008002ab0        0x4 c:/st/stm32cubeide_1.7.0/stm32cubeide/plugins/com.st.stm32cube.ide.mcu.externaltools.gnu-tools-for-stm32.9-2020-q2-update.win32_2.0.0.202105311346/tools/bin/../lib/gcc/arm-none-eabi/9.3.1/thumb/v7-m/nofp/crti.o
                0x0000000008002ab0                _init
 .init          0x0000000008002ab4        0x8 c:/st/stm32cubeide_1.7.0/stm32cubeide/plugins/com.st.stm32cube.ide.mcu.externaltools.gnu-tools-for-stm32.9-2020-q2-update.win32_2.0.0.202105311346/tools/bin/../lib/gcc/arm-none-eabi/9.3.1/thumb/v7-m/nofp/crtn.o
 *(.fini)
 .fini          0x0000000008002abc        0x4 c:/st/stm32cubeide_1.7.0/stm32cubeide/plugins/com.st.stm32cube.ide.mcu.externaltools.gnu-tools-for-stm32.9-2020-q2-update.win32_2.0.0.202105311346/tools/bin/../lib/gcc/arm-none-eabi/9.3.1/thumb/v7-m/nofp/crti.o
                0x0000000008002abc                _fini
 .fini          0x0000000008002ac0        0x8 c:/st/stm32cubeide_1.7.0/stm32cubeide/plugins/com.st.stm32cube.ide.mcu.externaltools.gnu-tools-for-stm32.9-2020-q2-update.win32_2.0.0.202105311346/tools/bin/../lib/gcc/arm-none-eabi/9.3.1/thumb/v7-m/nofp/crtn.o
                0x0000000008002ac8                . = ALIGN (0x4)
                0x0000000008002ac8                _etext = .

.vfp11_veneer   0x0000000008002ac8        0x0
 .vfp11_veneer  0x0000000008002ac8        0x0 linker stubs

.v4_bx          0x0000000008002ac8        0x0
 .v4_bx         0x0000000008002ac8        0x0 linker stubs

.iplt           0x0000000008002ac8        0x0
 .iplt          0x0000000008002ac8        0x0 c:/st/stm32cubeide_1.7.0/stm32cubeide/plugins/com.st.stm32cube.ide.mcu.externaltools.gnu-tools-for-stm32.9-2020-q2-update.win32_2.0.0.202105311346/tools/bin/../lib/gcc/arm-none-eabi/9.3.1/thumb/v7-m/nofp/crtbegin.o

.rodata         0x0000000008002ac8       0x24
                0x0000000008002ac8                . = ALIGN (0x4)
 *(.rodata)
 *(.rodata*)
 .rodata.AHBPrescTable
                0x0000000008002ac8       0x10 ./Core/Src/system_stm32f1xx.o
                0x0000000008002ac8                AHBPrescTable
 .rodata.aPLLMULFactorTable.6032
                0x0000000008002ad8       0x10 ./Drivers/STM32F1xx_HAL_Driver/Src/stm32f1xx_hal_rcc.o
 .rodata.aPredivFactorTable.6033
                0x0000000008002ae8        0x2 ./Drivers/STM32F1xx_HAL_Driver/Src/stm32f1xx_hal_rcc.o
                0x0000000008002aec                . = ALIGN (0x4)
 *fill*         0x0000000008002aea        0x2 

.rel.dyn        0x0000000008002aec        0x0
 .rel.iplt      0x0000000008002aec        0x0 c:/st/stm32cubeide_1.7.0/stm32cubeide/plugins/com.st.stm32cube.ide.mcu.externaltools.gnu-tools-for-stm32.9-2020-q2-update.win32_2.0.0.202105311346/tools/bin/../lib/gcc/arm-none-eabi/9.3.1/thumb/v7-m/nofp/crtbegin.o

.ARM.extab      0x0000000008002aec        0x0
                0x0000000008002aec                . = ALIGN (0x4)
 *(.ARM.extab* .gnu.linkonce.armextab.*)
                0x0000000008002aec                . = ALIGN (0x4)

.ARM            0x0000000008002aec        0x0
                0x0000000008002aec                . = ALIGN (0x4)
                0x0000000008002aec                __exidx_start = .
 *(.ARM.exidx*)
                0x0000000008002aec                __exidx_end = .
                0x0000000008002aec                . = ALIGN (0x4)

.preinit_array  0x0000000008002aec        0x0
                0x0000000008002aec                . = ALIGN (0x4)
                0x0000000008002aec                PROVIDE (__preinit_array_start = .)
 *(.preinit_array*)
                0x0000000008002aec                PROVIDE (__preinit_array_end = .)
                0x0000000008002aec                . = ALIGN (0x4)

.init_array     0x0000000008002aec        0x4
                0x0000000008002aec                . = ALIGN (0x4)
                0x0000000008002aec                PROVIDE (__init_array_start = .)
 *(SORT_BY_NAME(.init_array.*))
 *(.init_array*)
 .init_array    0x0000000008002aec        0x4 c:/st/stm32cubeide_1.7.0/stm32cubeide/plugins/com.st.stm32cube.ide.mcu.externaltools.gnu-tools-for-stm32.9-2020-q2-update.win32_2.0.0.202105311346/tools/bin/../lib/gcc/arm-none-eabi/9.3.1/thumb/v7-m/nofp/crtbegin.o
                0x0000000008002af0                PROVIDE (__init_array_end = .)
                0x0000000008002af0                . = ALIGN (0x4)

.fini_array     0x0000000008002af0        0x4
                0x0000000008002af0                . = ALIGN (0x4)
                [!provide]                        PROVIDE (__fini_array_start = .)
 *(SORT_BY_NAME(.fini_array.*))
 *(.fini_array*)
 .fini_array    0x0000000008002af0        0x4 c:/st/stm32cubeide_1.7.0/stm32cubeide/plugins/com.st.stm32cube.ide.mcu.externaltools.gnu-tools-for-stm32.9-2020-q2-update.win32_2.0.0.202105311346/tools/bin/../lib/gcc/arm-none-eabi/9.3.1/thumb/v7-m/nofp/crtbegin.o
                [!provide]                        PROVIDE (__fini_array_end = .)
                0x0000000008002af4                . = ALIGN (0x4)
                0x0000000008002af4                _sidata = LOADADDR (.data)

.data           0x0000000020000000       0x5c load address 0x0000000008002af4
                0x0000000020000000                . = ALIGN (0x4)
                0x0000000020000000                _sdata = .
 *(.data)
 *(.data*)
 .data.KeyReg0  0x0000000020000000        0xc ./Core/Src/button.o
                0x0000000020000000                KeyReg0
 .data.KeyReg1  0x000000002000000c        0xc ./Core/Src/button.o
                0x000000002000000c                KeyReg1
 .data.KeyReg2  0x0000000020000018        0xc ./Core/Src/button.o
                0x0000000020000018                KeyReg2
 .data.KeyReg3  0x0000000020000024        0xc ./Core/Src/button.o
                0x0000000020000024                KeyReg3
 .data.TimeOutForKeyPress
                0x0000000020000030        0xc ./Core/Src/button.o
                0x0000000020000030                TimeOutForKeyPress
 .data.startup_counter
                0x000000002000003c        0x4 ./Core/Src/button.o
                0x000000002000003c                startup_counter
 .data.duration_RED
                0x0000000020000040        0x4 ./Core/Src/global.o
                0x0000000020000040                duration_RED
 .data.duration_AMBER
                0x0000000020000044        0x4 ./Core/Src/global.o
                0x0000000020000044                duration_AMBER
 .data.duration_GREEN
                0x0000000020000048        0x4 ./Core/Src/global.o
                0x0000000020000048                duration_GREEN
 .data.current_mode
                0x000000002000004c        0x1 ./Core/Src/global.o
                0x000000002000004c                current_mode
 *fill*         0x000000002000004d        0x3 
 .data.SystemCoreClock
                0x0000000020000050        0x4 ./Core/Src/system_stm32f1xx.o
                0x0000000020000050                SystemCoreClock
 .data.uwTickPrio
                0x0000000020000054        0x4 ./Drivers/STM32F1xx_HAL_Driver/Src/stm32f1xx_hal.o
                0x0000000020000054                uwTickPrio
 .data.uwTickFreq
                0x0000000020000058        0x1 ./Drivers/STM32F1xx_HAL_Driver/Src/stm32f1xx_hal.o
                0x0000000020000058                uwTickFreq
 *(.RamFunc)
 *(.RamFunc*)
                0x000000002000005c                . = ALIGN (0x4)
 *fill*         0x0000000020000059        0x3 
                0x000000002000005c                _edata = .

.igot.plt       0x000000002000005c        0x0 load address 0x0000000008002b50
 .igot.plt      0x000000002000005c        0x0 c:/st/stm32cubeide_1.7.0/stm32cubeide/plugins/com.st.stm32cube.ide.mcu.externaltools.gnu-tools-for-stm32.9-2020-q2-update.win32_2.0.0.202105311346/tools/bin/../lib/gcc/arm-none-eabi/9.3.1/thumb/v7-m/nofp/crtbegin.o
                0x000000002000005c                . = ALIGN (0x4)

.bss            0x000000002000005c      0x10c load address 0x0000000008002b50
                0x000000002000005c                _sbss = .
                0x000000002000005c                __bss_start__ = _sbss
 *(.bss)
 .bss           0x000000002000005c       0x1c c:/st/stm32cubeide_1.7.0/stm32cubeide/plugins/com.st.stm32cube.ide.mcu.externaltools.gnu-tools-for-stm32.9-2020-q2-update.win32_2.0.0.202105311346/tools/bin/../lib/gcc/arm-none-eabi/9.3.1/thumb/v7-m/nofp/crtbegin.o
 *(.bss*)
 .bss.button_flag
                0x0000000020000078        0xc ./Core/Src/button.o
                0x0000000020000078                button_flag
 .bss.button_long_pressed
                0x0000000020000084        0xc ./Core/Src/button.o
                0x0000000020000084                button_long_pressed
 .bss.timer_counter.6052
                0x0000000020000090        0x4 ./Core/Src/fsm_traffic.o
 .bss.temp_duration
                0x0000000020000094        0x4 ./Core/Src/global.o
                0x0000000020000094                temp_duration
 .bss.counter_road1
                0x0000000020000098        0x4 ./Core/Src/global.o
                0x0000000020000098                counter_road1
 .bss.counter_road2
                0x000000002000009c        0x4 ./Core/Src/global.o
                0x000000002000009c                counter_road2
 .bss.traffic_state
                0x00000000200000a0        0x1 ./Core/Src/global.o
                0x00000000200000a0                traffic_state
 *fill*         0x00000000200000a1        0x3 
 .bss.blink_counter
                0x00000000200000a4        0x4 ./Core/Src/global.o
                0x00000000200000a4                blink_counter
 .bss.flag_blink
                0x00000000200000a8        0x4 ./Core/Src/global.o
                0x00000000200000a8                flag_blink
 .bss.flagRed   0x00000000200000ac        0x8 ./Core/Src/global.o
                0x00000000200000ac                flagRed
 .bss.flagGreen
                0x00000000200000b4        0x8 ./Core/Src/global.o
                0x00000000200000b4                flagGreen
 .bss.flagYellow
                0x00000000200000bc        0x8 ./Core/Src/global.o
                0x00000000200000bc                flagYellow
 .bss.prevState
                0x00000000200000c4        0x3 ./Core/Src/global.o
                0x00000000200000c4                prevState
 *fill*         0x00000000200000c7        0x1 
 .bss.currState
                0x00000000200000c8        0x3 ./Core/Src/global.o
                0x00000000200000c8                currState
 *fill*         0x00000000200000cb        0x1 
 .bss.timer_counter
                0x00000000200000cc       0x28 ./Core/Src/software_timer.o
 .bss.timer_flag
                0x00000000200000f4       0x28 ./Core/Src/software_timer.o
 *(COMMON)
 COMMON         0x000000002000011c       0x48 ./Core/Src/main.o
                0x000000002000011c                htim2
 COMMON         0x0000000020000164        0x4 ./Drivers/STM32F1xx_HAL_Driver/Src/stm32f1xx_hal.o
                0x0000000020000164                uwTick
                0x0000000020000168                . = ALIGN (0x4)
                0x0000000020000168                _ebss = .
                0x0000000020000168                __bss_end__ = _ebss

._user_heap_stack
                0x0000000020000168      0x600 load address 0x0000000008002b50
                0x0000000020000168                . = ALIGN (0x8)
                [!provide]                        PROVIDE (end = .)
                0x0000000020000168                PROVIDE (_end = .)
                0x0000000020000368                . = (. + _Min_Heap_Size)
 *fill*         0x0000000020000168      0x200 
                0x0000000020000768                . = (. + _Min_Stack_Size)
 *fill*         0x0000000020000368      0x400 
                0x0000000020000768                . = ALIGN (0x8)

/DISCARD/
 libc.a(*)
 libm.a(*)
 libgcc.a(*)

.ARM.attributes
                0x0000000000000000       0x29
 *(.ARM.attributes)
 .ARM.attributes
                0x0000000000000000       0x1d c:/st/stm32cubeide_1.7.0/stm32cubeide/plugins/com.st.stm32cube.ide.mcu.externaltools.gnu-tools-for-stm32.9-2020-q2-update.win32_2.0.0.202105311346/tools/bin/../lib/gcc/arm-none-eabi/9.3.1/thumb/v7-m/nofp/crti.o
 .ARM.attributes
                0x000000000000001d       0x2d c:/st/stm32cubeide_1.7.0/stm32cubeide/plugins/com.st.stm32cube.ide.mcu.externaltools.gnu-tools-for-stm32.9-2020-q2-update.win32_2.0.0.202105311346/tools/bin/../lib/gcc/arm-none-eabi/9.3.1/thumb/v7-m/nofp/crtbegin.o
 .ARM.attributes
                0x000000000000004a       0x2d ./Core/Src/7segment_display.o
 .ARM.attributes
                0x0000000000000077       0x2d ./Core/Src/button.o
 .ARM.attributes
                0x00000000000000a4       0x2d ./Core/Src/fsm_traffic.o
 .ARM.attributes
                0x00000000000000d1       0x33 ./Core/Src/global.o
 .ARM.attributes
                0x0000000000000104       0x2d ./Core/Src/led_display.o
 .ARM.attributes
                0x0000000000000131       0x2d ./Core/Src/main.o
 .ARM.attributes
                0x000000000000015e       0x2d ./Core/Src/software_timer.o
 .ARM.attributes
                0x000000000000018b       0x2d ./Core/Src/stm32f1xx_hal_msp.o
 .ARM.attributes
                0x00000000000001b8       0x2d ./Core/Src/stm32f1xx_it.o
 .ARM.attributes
                0x00000000000001e5       0x2d ./Core/Src/system_stm32f1xx.o
 .ARM.attributes
                0x0000000000000212       0x21 ./Core/Startup/startup_stm32f103c6ux.o
 .ARM.attributes
                0x0000000000000233       0x2d ./Drivers/STM32F1xx_HAL_Driver/Src/stm32f1xx_hal.o
 .ARM.attributes
                0x0000000000000260       0x2d ./Drivers/STM32F1xx_HAL_Driver/Src/stm32f1xx_hal_cortex.o
 .ARM.attributes
                0x000000000000028d       0x2d ./Drivers/STM32F1xx_HAL_Driver/Src/stm32f1xx_hal_gpio.o
 .ARM.attributes
                0x00000000000002ba       0x2d ./Drivers/STM32F1xx_HAL_Driver/Src/stm32f1xx_hal_rcc.o
 .ARM.attributes
                0x00000000000002e7       0x2d ./Drivers/STM32F1xx_HAL_Driver/Src/stm32f1xx_hal_tim.o
 .ARM.attributes
                0x0000000000000314       0x2d ./Drivers/STM32F1xx_HAL_Driver/Src/stm32f1xx_hal_tim_ex.o
 .ARM.attributes
                0x0000000000000341       0x2d c:/st/stm32cubeide_1.7.0/stm32cubeide/plugins/com.st.stm32cube.ide.mcu.externaltools.gnu-tools-for-stm32.9-2020-q2-update.win32_2.0.0.202105311346/tools/bin/../lib/gcc/arm-none-eabi/9.3.1/../../../../arm-none-eabi/lib/thumb/v7-m/nofp\libc_nano.a(lib_a-init.o)
 .ARM.attributes
                0x000000000000036e       0x2d c:/st/stm32cubeide_1.7.0/stm32cubeide/plugins/com.st.stm32cube.ide.mcu.externaltools.gnu-tools-for-stm32.9-2020-q2-update.win32_2.0.0.202105311346/tools/bin/../lib/gcc/arm-none-eabi/9.3.1/../../../../arm-none-eabi/lib/thumb/v7-m/nofp\libc_nano.a(lib_a-memset.o)
 .ARM.attributes
                0x000000000000039b       0x1d c:/st/stm32cubeide_1.7.0/stm32cubeide/plugins/com.st.stm32cube.ide.mcu.externaltools.gnu-tools-for-stm32.9-2020-q2-update.win32_2.0.0.202105311346/tools/bin/../lib/gcc/arm-none-eabi/9.3.1/thumb/v7-m/nofp/crtn.o
OUTPUT(TrafficLight_Controller.elf elf32-littlearm)
LOAD linker stubs
LOAD c:/st/stm32cubeide_1.7.0/stm32cubeide/plugins/com.st.stm32cube.ide.mcu.externaltools.gnu-tools-for-stm32.9-2020-q2-update.win32_2.0.0.202105311346/tools/bin/../lib/gcc/arm-none-eabi/9.3.1/../../../../arm-none-eabi/lib/thumb/v7-m/nofp\libc.a
LOAD c:/st/stm32cubeide_1.7.0/stm32cubeide/plugins/com.st.stm32cube.ide.mcu.externaltools.gnu-tools-for-stm32.9-2020-q2-update.win32_2.0.0.202105311346/tools/bin/../lib/gcc/arm-none-eabi/9.3.1/../../../../arm-none-eabi/lib/thumb/v7-m/nofp\libm.a
LOAD c:/st/stm32cubeide_1.7.0/stm32cubeide/plugins/com.st.stm32cube.ide.mcu.externaltools.gnu-tools-for-stm32.9-2020-q2-update.win32_2.0.0.202105311346/tools/bin/../lib/gcc/arm-none-eabi/9.3.1/thumb/v7-m/nofp\libgcc.a

.debug_info     0x0000000000000000     0x99ca
 .debug_info    0x0000000000000000      0x43c ./Core/Src/7segment_display.o
 .debug_info    0x000000000000043c      0x3b5 ./Core/Src/button.o
 .debug_info    0x00000000000007f1      0x3d8 ./Core/Src/fsm_traffic.o
 .debug_info    0x0000000000000bc9      0x258 ./Core/Src/global.o
 .debug_info    0x0000000000000e21      0x4b8 ./Core/Src/led_display.o
 .debug_info    0x00000000000012d9      0xd0b ./Core/Src/main.o
 .debug_info    0x0000000000001fe4       0xf5 ./Core/Src/software_timer.o
 .debug_info    0x00000000000020d9      0xa09 ./Core/Src/stm32f1xx_hal_msp.o
 .debug_info    0x0000000000002ae2      0x7b9 ./Core/Src/stm32f1xx_it.o
 .debug_info    0x000000000000329b      0x2be ./Core/Src/system_stm32f1xx.o
 .debug_info    0x0000000000003559       0x22 ./Core/Startup/startup_stm32f103c6ux.o
 .debug_info    0x000000000000357b      0x74c ./Drivers/STM32F1xx_HAL_Driver/Src/stm32f1xx_hal.o
 .debug_info    0x0000000000003cc7      0xbbe ./Drivers/STM32F1xx_HAL_Driver/Src/stm32f1xx_hal_cortex.o
 .debug_info    0x0000000000004885      0x701 ./Drivers/STM32F1xx_HAL_Driver/Src/stm32f1xx_hal_gpio.o
 .debug_info    0x0000000000004f86      0x893 ./Drivers/STM32F1xx_HAL_Driver/Src/stm32f1xx_hal_rcc.o
 .debug_info    0x0000000000005819     0x2c32 ./Drivers/STM32F1xx_HAL_Driver/Src/stm32f1xx_hal_tim.o
 .debug_info    0x000000000000844b     0x157f ./Drivers/STM32F1xx_HAL_Driver/Src/stm32f1xx_hal_tim_ex.o

.debug_abbrev   0x0000000000000000     0x1bf9
 .debug_abbrev  0x0000000000000000      0x15c ./Core/Src/7segment_display.o
 .debug_abbrev  0x000000000000015c      0x188 ./Core/Src/button.o
 .debug_abbrev  0x00000000000002e4      0x179 ./Core/Src/fsm_traffic.o
 .debug_abbrev  0x000000000000045d       0x7b ./Core/Src/global.o
 .debug_abbrev  0x00000000000004d8      0x167 ./Core/Src/led_display.o
 .debug_abbrev  0x000000000000063f      0x241 ./Core/Src/main.o
 .debug_abbrev  0x0000000000000880       0xcd ./Core/Src/software_timer.o
 .debug_abbrev  0x000000000000094d      0x1b7 ./Core/Src/stm32f1xx_hal_msp.o
 .debug_abbrev  0x0000000000000b04      0x176 ./Core/Src/stm32f1xx_it.o
 .debug_abbrev  0x0000000000000c7a      0x14e ./Core/Src/system_stm32f1xx.o
 .debug_abbrev  0x0000000000000dc8       0x12 ./Core/Startup/startup_stm32f103c6ux.o
 .debug_abbrev  0x0000000000000dda      0x1ed ./Drivers/STM32F1xx_HAL_Driver/Src/stm32f1xx_hal.o
 .debug_abbrev  0x0000000000000fc7      0x313 ./Drivers/STM32F1xx_HAL_Driver/Src/stm32f1xx_hal_cortex.o
 .debug_abbrev  0x00000000000012da      0x1e8 ./Drivers/STM32F1xx_HAL_Driver/Src/stm32f1xx_hal_gpio.o
 .debug_abbrev  0x00000000000014c2      0x273 ./Drivers/STM32F1xx_HAL_Driver/Src/stm32f1xx_hal_rcc.o
 .debug_abbrev  0x0000000000001735      0x25e ./Drivers/STM32F1xx_HAL_Driver/Src/stm32f1xx_hal_tim.o
 .debug_abbrev  0x0000000000001993      0x266 ./Drivers/STM32F1xx_HAL_Driver/Src/stm32f1xx_hal_tim_ex.o

.debug_aranges  0x0000000000000000      0xab0
 .debug_aranges
                0x0000000000000000       0x38 ./Core/Src/7segment_display.o
 .debug_aranges
                0x0000000000000038       0x58 ./Core/Src/button.o
 .debug_aranges
                0x0000000000000090       0x58 ./Core/Src/fsm_traffic.o
 .debug_aranges
                0x00000000000000e8       0x18 ./Core/Src/global.o
 .debug_aranges
                0x0000000000000100       0x50 ./Core/Src/led_display.o
 .debug_aranges
                0x0000000000000150       0x48 ./Core/Src/main.o
 .debug_aranges
                0x0000000000000198       0x30 ./Core/Src/software_timer.o
 .debug_aranges
                0x00000000000001c8       0x30 ./Core/Src/stm32f1xx_hal_msp.o
 .debug_aranges
                0x00000000000001f8       0x68 ./Core/Src/stm32f1xx_it.o
 .debug_aranges
                0x0000000000000260       0x28 ./Core/Src/system_stm32f1xx.o
 .debug_aranges
                0x0000000000000288       0x28 ./Core/Startup/startup_stm32f103c6ux.o
 .debug_aranges
                0x00000000000002b0       0xe0 ./Drivers/STM32F1xx_HAL_Driver/Src/stm32f1xx_hal.o
 .debug_aranges
                0x0000000000000390      0x100 ./Drivers/STM32F1xx_HAL_Driver/Src/stm32f1xx_hal_cortex.o
 .debug_aranges
                0x0000000000000490       0x58 ./Drivers/STM32F1xx_HAL_Driver/Src/stm32f1xx_hal_gpio.o
 .debug_aranges
                0x00000000000004e8       0x90 ./Drivers/STM32F1xx_HAL_Driver/Src/stm32f1xx_hal_rcc.o
 .debug_aranges
                0x0000000000000578      0x3d0 ./Drivers/STM32F1xx_HAL_Driver/Src/stm32f1xx_hal_tim.o
 .debug_aranges
                0x0000000000000948      0x168 ./Drivers/STM32F1xx_HAL_Driver/Src/stm32f1xx_hal_tim_ex.o

.debug_ranges   0x0000000000000000      0x9a0
 .debug_ranges  0x0000000000000000       0x28 ./Core/Src/7segment_display.o
 .debug_ranges  0x0000000000000028       0x48 ./Core/Src/button.o
 .debug_ranges  0x0000000000000070       0x48 ./Core/Src/fsm_traffic.o
 .debug_ranges  0x00000000000000b8       0x40 ./Core/Src/led_display.o
 .debug_ranges  0x00000000000000f8       0x38 ./Core/Src/main.o
 .debug_ranges  0x0000000000000130       0x20 ./Core/Src/software_timer.o
 .debug_ranges  0x0000000000000150       0x20 ./Core/Src/stm32f1xx_hal_msp.o
 .debug_ranges  0x0000000000000170       0x58 ./Core/Src/stm32f1xx_it.o
 .debug_ranges  0x00000000000001c8       0x18 ./Core/Src/system_stm32f1xx.o
 .debug_ranges  0x00000000000001e0       0x20 ./Core/Startup/startup_stm32f103c6ux.o
 .debug_ranges  0x0000000000000200       0xd0 ./Drivers/STM32F1xx_HAL_Driver/Src/stm32f1xx_hal.o
 .debug_ranges  0x00000000000002d0       0xf0 ./Drivers/STM32F1xx_HAL_Driver/Src/stm32f1xx_hal_cortex.o
 .debug_ranges  0x00000000000003c0       0x48 ./Drivers/STM32F1xx_HAL_Driver/Src/stm32f1xx_hal_gpio.o
 .debug_ranges  0x0000000000000408       0x80 ./Drivers/STM32F1xx_HAL_Driver/Src/stm32f1xx_hal_rcc.o
 .debug_ranges  0x0000000000000488      0x3c0 ./Drivers/STM32F1xx_HAL_Driver/Src/stm32f1xx_hal_tim.o
 .debug_ranges  0x0000000000000848      0x158 ./Drivers/STM32F1xx_HAL_Driver/Src/stm32f1xx_hal_tim_ex.o

.debug_macro    0x0000000000000000    0x16b30
 .debug_macro   0x0000000000000000      0x1b9 ./Core/Src/7segment_display.o
 .debug_macro   0x00000000000001b9      0xa9c ./Core/Src/7segment_display.o
 .debug_macro   0x0000000000000c55      0x215 ./Core/Src/7segment_display.o
 .debug_macro   0x0000000000000e6a       0x2e ./Core/Src/7segment_display.o
 .debug_macro   0x0000000000000e98       0x22 ./Core/Src/7segment_display.o
 .debug_macro   0x0000000000000eba       0x22 ./Core/Src/7segment_display.o
 .debug_macro   0x0000000000000edc       0x8e ./Core/Src/7segment_display.o
 .debug_macro   0x0000000000000f6a       0x51 ./Core/Src/7segment_display.o
 .debug_macro   0x0000000000000fbb      0x103 ./Core/Src/7segment_display.o
 .debug_macro   0x00000000000010be       0x6a ./Core/Src/7segment_display.o
 .debug_macro   0x0000000000001128      0x1df ./Core/Src/7segment_display.o
 .debug_macro   0x0000000000001307       0x1c ./Core/Src/7segment_display.o
 .debug_macro   0x0000000000001323       0x22 ./Core/Src/7segment_display.o
 .debug_macro   0x0000000000001345       0xc3 ./Core/Src/7segment_display.o
 .debug_macro   0x0000000000001408      0xd23 ./Core/Src/7segment_display.o
 .debug_macro   0x000000000000212b     0xde75 ./Core/Src/7segment_display.o
 .debug_macro   0x000000000000ffa0       0x6d ./Core/Src/7segment_display.o
 .debug_macro   0x000000000001000d     0x34a2 ./Core/Src/7segment_display.o
 .debug_macro   0x00000000000134af      0x174 ./Core/Src/7segment_display.o
 .debug_macro   0x0000000000013623       0x5c ./Core/Src/7segment_display.o
 .debug_macro   0x000000000001367f      0x5bc ./Core/Src/7segment_display.o
 .debug_macro   0x0000000000013c3b      0x1b7 ./Core/Src/7segment_display.o
 .debug_macro   0x0000000000013df2      0x1cb ./Core/Src/7segment_display.o
 .debug_macro   0x0000000000013fbd      0x114 ./Core/Src/7segment_display.o
 .debug_macro   0x00000000000140d1      0x1b2 ./Core/Src/7segment_display.o
 .debug_macro   0x0000000000014283       0x27 ./Core/Src/7segment_display.o
 .debug_macro   0x00000000000142aa      0x12f ./Core/Src/7segment_display.o
 .debug_macro   0x00000000000143d9      0x1bc ./Core/Src/7segment_display.o
 .debug_macro   0x0000000000014595       0x34 ./Core/Src/7segment_display.o
 .debug_macro   0x00000000000145c9       0x3c ./Core/Src/7segment_display.o
 .debug_macro   0x0000000000014605       0x57 ./Core/Src/7segment_display.o
 .debug_macro   0x000000000001465c       0x87 ./Core/Src/7segment_display.o
 .debug_macro   0x00000000000146e3      0x183 ./Core/Src/7segment_display.o
 .debug_macro   0x0000000000014866      0x140 ./Core/Src/7segment_display.o
 .debug_macro   0x00000000000149a6      0x8ed ./Core/Src/7segment_display.o
 .debug_macro   0x0000000000015293       0x69 ./Core/Src/7segment_display.o
 .debug_macro   0x00000000000152fc      0x160 ./Core/Src/7segment_display.o
 .debug_macro   0x000000000001545c       0x28 ./Core/Src/7segment_display.o
 .debug_macro   0x0000000000015484      0x1b5 ./Core/Src/button.o
 .debug_macro   0x0000000000015639       0x10 ./Core/Src/button.o
 .debug_macro   0x0000000000015649      0x1d6 ./Core/Src/fsm_traffic.o
 .debug_macro   0x000000000001581f       0x16 ./Core/Src/fsm_traffic.o
 .debug_macro   0x0000000000015835       0x1a ./Core/Src/global.o
 .debug_macro   0x000000000001584f      0x1b9 ./Core/Src/led_display.o
 .debug_macro   0x0000000000015a08      0x1ee ./Core/Src/main.o
 .debug_macro   0x0000000000015bf6       0x21 ./Core/Src/software_timer.o
 .debug_macro   0x0000000000015c17      0x1a6 ./Core/Src/stm32f1xx_hal_msp.o
 .debug_macro   0x0000000000015dbd      0x1b0 ./Core/Src/stm32f1xx_it.o
 .debug_macro   0x0000000000015f6d      0x197 ./Core/Src/system_stm32f1xx.o
 .debug_macro   0x0000000000016104      0x1bb ./Drivers/STM32F1xx_HAL_Driver/Src/stm32f1xx_hal.o
 .debug_macro   0x00000000000162bf      0x197 ./Drivers/STM32F1xx_HAL_Driver/Src/stm32f1xx_hal_cortex.o
 .debug_macro   0x0000000000016456      0x202 ./Drivers/STM32F1xx_HAL_Driver/Src/stm32f1xx_hal_gpio.o
 .debug_macro   0x0000000000016658      0x1a9 ./Drivers/STM32F1xx_HAL_Driver/Src/stm32f1xx_hal_rcc.o
 .debug_macro   0x0000000000016801      0x198 ./Drivers/STM32F1xx_HAL_Driver/Src/stm32f1xx_hal_tim.o
 .debug_macro   0x0000000000016999      0x197 ./Drivers/STM32F1xx_HAL_Driver/Src/stm32f1xx_hal_tim_ex.o

.debug_line     0x0000000000000000     0xb60d
 .debug_line    0x0000000000000000      0x754 ./Core/Src/7segment_display.o
 .debug_line    0x0000000000000754      0x7ed ./Core/Src/button.o
 .debug_line    0x0000000000000f41      0xa92 ./Core/Src/fsm_traffic.o
 .debug_line    0x00000000000019d3       0x4d ./Core/Src/global.o
 .debug_line    0x0000000000001a20      0x7a1 ./Core/Src/led_display.o
 .debug_line    0x00000000000021c1      0x7e4 ./Core/Src/main.o
 .debug_line    0x00000000000029a5       0xe1 ./Core/Src/software_timer.o
 .debug_line    0x0000000000002a86      0x6a1 ./Core/Src/stm32f1xx_hal_msp.o
 .debug_line    0x0000000000003127      0x73f ./Core/Src/stm32f1xx_it.o
 .debug_line    0x0000000000003866      0x6e3 ./Core/Src/system_stm32f1xx.o
 .debug_line    0x0000000000003f49       0x86 ./Core/Startup/startup_stm32f103c6ux.o
 .debug_line    0x0000000000003fcf      0x910 ./Drivers/STM32F1xx_HAL_Driver/Src/stm32f1xx_hal.o
 .debug_line    0x00000000000048df      0xaf8 ./Drivers/STM32F1xx_HAL_Driver/Src/stm32f1xx_hal_cortex.o
 .debug_line    0x00000000000053d7      0x993 ./Drivers/STM32F1xx_HAL_Driver/Src/stm32f1xx_hal_gpio.o
 .debug_line    0x0000000000005d6a      0xd1c ./Drivers/STM32F1xx_HAL_Driver/Src/stm32f1xx_hal_rcc.o
 .debug_line    0x0000000000006a86     0x3361 ./Drivers/STM32F1xx_HAL_Driver/Src/stm32f1xx_hal_tim.o
 .debug_line    0x0000000000009de7     0x1826 ./Drivers/STM32F1xx_HAL_Driver/Src/stm32f1xx_hal_tim_ex.o

.debug_str      0x0000000000000000    0x82943
 .debug_str     0x0000000000000000    0x7fcab ./Core/Src/7segment_display.o
                                      0x7ffec (size before relaxing)
 .debug_str     0x000000000007fcab      0x13e ./Core/Src/button.o
                                      0x7fe5c (size before relaxing)
 .debug_str     0x000000000007fde9       0xf1 ./Core/Src/fsm_traffic.o
                                      0x80070 (size before relaxing)
 .debug_str     0x000000000007feda       0x15 ./Core/Src/global.o
                                       0x2fc1 (size before relaxing)
 .debug_str     0x000000000007feef       0xb5 ./Core/Src/led_display.o
                                      0x80028 (size before relaxing)
 .debug_str     0x000000000007ffa4      0x6f5 ./Core/Src/main.o
                                      0x80793 (size before relaxing)
 .debug_str     0x0000000000080699       0x58 ./Core/Src/software_timer.o
                                       0x2e01 (size before relaxing)
 .debug_str     0x00000000000806f1      0x2ba ./Core/Src/stm32f1xx_hal_msp.o
                                      0x80512 (size before relaxing)
 .debug_str     0x00000000000809ab       0xcd ./Core/Src/stm32f1xx_it.o
                                      0x80274 (size before relaxing)
 .debug_str     0x0000000000080a78       0x52 ./Core/Src/system_stm32f1xx.o
                                      0x7f78b (size before relaxing)
 .debug_str     0x0000000000080aca       0x36 ./Core/Startup/startup_stm32f103c6ux.o
                                         0x7f (size before relaxing)
 .debug_str     0x0000000000080b00      0x304 ./Drivers/STM32F1xx_HAL_Driver/Src/stm32f1xx_hal.o
                                      0x7fde2 (size before relaxing)
 .debug_str     0x0000000000080e04      0x300 ./Drivers/STM32F1xx_HAL_Driver/Src/stm32f1xx_hal_cortex.o
                                      0x7fdea (size before relaxing)
 .debug_str     0x0000000000081104      0x324 ./Drivers/STM32F1xx_HAL_Driver/Src/stm32f1xx_hal_gpio.o
                                      0x7fb4f (size before relaxing)
 .debug_str     0x0000000000081428      0x24f ./Drivers/STM32F1xx_HAL_Driver/Src/stm32f1xx_hal_rcc.o
                                      0x7fb88 (size before relaxing)
 .debug_str     0x0000000000081677      0xdde ./Drivers/STM32F1xx_HAL_Driver/Src/stm32f1xx_hal_tim.o
                                      0x80b71 (size before relaxing)
 .debug_str     0x0000000000082455      0x4ee ./Drivers/STM32F1xx_HAL_Driver/Src/stm32f1xx_hal_tim_ex.o
                                      0x80312 (size before relaxing)

.comment        0x0000000000000000       0x53
 .comment       0x0000000000000000       0x53 ./Core/Src/7segment_display.o
                                         0x54 (size before relaxing)
 .comment       0x0000000000000053       0x54 ./Core/Src/button.o
 .comment       0x0000000000000053       0x54 ./Core/Src/fsm_traffic.o
 .comment       0x0000000000000053       0x54 ./Core/Src/global.o
 .comment       0x0000000000000053       0x54 ./Core/Src/led_display.o
 .comment       0x0000000000000053       0x54 ./Core/Src/main.o
 .comment       0x0000000000000053       0x54 ./Core/Src/software_timer.o
 .comment       0x0000000000000053       0x54 ./Core/Src/stm32f1xx_hal_msp.o
 .comment       0x0000000000000053       0x54 ./Core/Src/stm32f1xx_it.o
 .comment       0x0000000000000053       0x54 ./Core/Src/system_stm32f1xx.o
 .comment       0x0000000000000053       0x54 ./Drivers/STM32F1xx_HAL_Driver/Src/stm32f1xx_hal.o
 .comment       0x0000000000000053       0x54 ./Drivers/STM32F1xx_HAL_Driver/Src/stm32f1xx_hal_cortex.o
 .comment       0x0000000000000053       0x54 ./Drivers/STM32F1xx_HAL_Driver/Src/stm32f1xx_hal_gpio.o
 .comment       0x0000000000000053       0x54 ./Drivers/STM32F1xx_HAL_Driver/Src/stm32f1xx_hal_rcc.o
 .comment       0x0000000000000053       0x54 ./Drivers/STM32F1xx_HAL_Driver/Src/stm32f1xx_hal_tim.o
 .comment       0x0000000000000053       0x54 ./Drivers/STM32F1xx_HAL_Driver/Src/stm32f1xx_hal_tim_ex.o

.debug_frame    0x0000000000000000     0x2a04
 .debug_frame   0x0000000000000000       0x98 ./Core/Src/7segment_display.o
 .debug_frame   0x0000000000000098      0x11c ./Core/Src/button.o
 .debug_frame   0x00000000000001b4      0x104 ./Core/Src/fsm_traffic.o
 .debug_frame   0x00000000000002b8      0x100 ./Core/Src/led_display.o
 .debug_frame   0x00000000000003b8       0xd4 ./Core/Src/main.o
 .debug_frame   0x000000000000048c       0x88 ./Core/Src/software_timer.o
 .debug_frame   0x0000000000000514       0x80 ./Core/Src/stm32f1xx_hal_msp.o
 .debug_frame   0x0000000000000594      0x120 ./Core/Src/stm32f1xx_it.o
 .debug_frame   0x00000000000006b4       0x58 ./Core/Src/system_stm32f1xx.o
 .debug_frame   0x000000000000070c      0x334 ./Drivers/STM32F1xx_HAL_Driver/Src/stm32f1xx_hal.o
 .debug_frame   0x0000000000000a40      0x428 ./Drivers/STM32F1xx_HAL_Driver/Src/stm32f1xx_hal_cortex.o
 .debug_frame   0x0000000000000e68      0x14c ./Drivers/STM32F1xx_HAL_Driver/Src/stm32f1xx_hal_gpio.o
 .debug_frame   0x0000000000000fb4      0x218 ./Drivers/STM32F1xx_HAL_Driver/Src/stm32f1xx_hal_rcc.o
 .debug_frame   0x00000000000011cc     0x11b4 ./Drivers/STM32F1xx_HAL_Driver/Src/stm32f1xx_hal_tim.o
 .debug_frame   0x0000000000002380      0x638 ./Drivers/STM32F1xx_HAL_Driver/Src/stm32f1xx_hal_tim_ex.o
 .debug_frame   0x00000000000029b8       0x2c c:/st/stm32cubeide_1.7.0/stm32cubeide/plugins/com.st.stm32cube.ide.mcu.externaltools.gnu-tools-for-stm32.9-2020-q2-update.win32_2.0.0.202105311346/tools/bin/../lib/gcc/arm-none-eabi/9.3.1/../../../../arm-none-eabi/lib/thumb/v7-m/nofp\libc_nano.a(lib_a-init.o)
 .debug_frame   0x00000000000029e4       0x20 c:/st/stm32cubeide_1.7.0/stm32cubeide/plugins/com.st.stm32cube.ide.mcu.externaltools.gnu-tools-for-stm32.9-2020-q2-update.win32_2.0.0.202105311346/tools/bin/../lib/gcc/arm-none-eabi/9.3.1/../../../../arm-none-eabi/lib/thumb/v7-m/nofp\libc_nano.a(lib_a-memset.o)
