main.c:65:15:getBitState	56	static
main.c:91:6:updateLEDMatrix	16	static
main.c:190:6:scanLEDMatrix	8	static
main.c:252:6:updateClockBuffer	4	static
main.c:266:6:display7SEG	16	static
main.c:315:6:enableLED	16	static
main.c:344:6:update7SEG	16	static
main.c:377:6:scanLED	8	static
main.c:395:6:HAL_TIM_PeriodElapsedCallback	16	static
main.c:414:5:main	8	static
main.c:506:6:SystemClock_Config	72	static
main.c:541:13:MX_TIM2_Init	32	static
main.c:585:13:MX_GPIO_Init	32	static
main.c:628:6:Error_Handler	4	static,ignoring_inline_asm
